// Jest Snapshot v1, https://goo.gl/fbAQLP

exports[`Header renders correctly 1`] = `
<div
  className="StyledBox-sc-13pk1d4-0 dmrmMT"
>
  <span
    className="StyledText-sc-1sadyjn-0 jRUGKF"
  >
    HPE Developer
  </span>
  <div
    className="StyledBox__StyledBoxGap-sc-13pk1d4-1 iChEkS"
  />
  <div
    className="StyledBox-sc-13pk1d4-0 exddWn"
  >
    <a
      className="sc-bdVaJa bwmoIK"
      href="/research"
    >
      Research
    </a>
    <div
      className="StyledBox__StyledBoxGap-sc-13pk1d4-1 hyyRSo"
    />
    <a
      className="sc-bdVaJa bwmoIK"
      href="/design"
    >
      Design
    </a>
    <div
      className="StyledBox__StyledBoxGap-sc-13pk1d4-1 hyyRSo"
    />
    <a
      className="sc-bdVaJa bwmoIK"
      href="/develop"
    >
      Develop
    </a>
    <div
      className="StyledBox__StyledBoxGap-sc-13pk1d4-1 hyyRSo"
    />
    <a
      className="sc-bdVaJa bwmoIK"
      href="/support"
    >
      Support
    </a>
  </div>
</div>
`;
